Running 56 tests using 10 workers

  -   4 [chromium] › tests\e2e\cms.spec.ts:30:9 › CMS Critical Journey › Authenticated CMS (Editor Role) › should create a new story
  -   5 [chromium] › tests\e2e\cms.spec.ts:42:9 › CMS Critical Journey › Authenticated CMS (Editor Role) › should edit an existing story
  -   6 [chromium] › tests\e2e\cms.spec.ts:57:9 › CMS Critical Journey › Authenticated CMS (Editor Role) › should preview a story
  -   1 [chromium] › tests\e2e\cms.spec.ts:25:9 › CMS Critical Journey › Authenticated CMS (Editor Role) › should load CMS dashboard
  ok  2 [chromium] › tests\e2e\cms.spec.ts:5:7 › CMS Critical Journey › should require authentication (657ms)
  -  12 [chromium] › tests\e2e\cms.spec.ts:80:9 › CMS Critical Journey › Authenticated CMS (Editor Role) › should NOT have admin capabilities
  -  11 [chromium] › tests\e2e\cms.spec.ts:71:9 › CMS Critical Journey › Authenticated CMS (Editor Role) › should have publish capability (Editor role)
  -  13 [chromium] › tests\e2e\cms.spec.ts:88:9 › CMS Critical Journey › Authenticated CMS (Editor Role) › should logout successfully
  ok 14 [chromium] › tests\e2e\entity.spec.ts:10:7 › Entity Critical Journey › should render entity details (772ms)
  ok 15 [chromium] › tests\e2e\entity.spec.ts:15:7 › Entity Critical Journey › should display relationships (733ms)
  ok 17 [chromium] › tests\e2e\homepage.spec.ts:8:7 › Homepage Critical Journey › should load the homepage (779ms)
  ok  3 [chromium] › tests\e2e\accessibility.spec.ts:15:9 › Accessibility (WCAG AA) › should not have any automatically detectable accessibility issues on / (1.8s)
  ok 19 [chromium] › tests\e2e\homepage.spec.ts:24:7 › Homepage Critical Journey › should render the hero section with featured content (596ms)
  ok  8 [chromium] › tests\e2e\accessibility.spec.ts:15:9 › Accessibility (WCAG AA) › should not have any automatically detectable accessibility issues on /entity/un (1.8s)
  ok  7 [chromium] › tests\e2e\accessibility.spec.ts:15:9 › Accessibility (WCAG AA) › should not have any automatically detectable accessibility issues on /search (1.9s)
  ok 20 [chromium] › tests\e2e\homepage.spec.ts:30:7 › Homepage Critical Journey › should have a functional search input (742ms)
  ok 16 [chromium] › tests\e2e\entity.spec.ts:23:7 › Entity Critical Journey › should load the globe visualization (1.9s)
  ok 18 [chromium] › tests\e2e\homepage.spec.ts:14:7 › Homepage Critical Journey › should display navigation and be interactive (2.0s)
  ok 21 [chromium] › tests\e2e\responsive.spec.ts:25:13 › Responsive Layout Verification › Route: / › should not overflow or clip on 1920x1080 (1.4s)
  ok 23 [chromium] › tests\e2e\responsive.spec.ts:25:13 › Responsive Layout Verification › Route: / › should not overflow or clip on 1280x800 (1.5s)
  ok 25 [chromium] › tests\e2e\responsive.spec.ts:25:13 › Responsive Layout Verification › Route: / › should not overflow or clip on 768x1024 (1.4s)
  ok 26 [chromium] › tests\e2e\responsive.spec.ts:25:13 › Responsive Layout Verification › Route: / › should not overflow or clip on 430x932 (1.5s)
  ok 27 [chromium] › tests\e2e\responsive.spec.ts:25:13 › Responsive Layout Verification › Route: / › should not overflow or clip on 390x844 (1.4s)
  ok 22 [chromium] › tests\e2e\responsive.spec.ts:25:13 › Responsive Layout Verification › Route: / › should not overflow or clip on 1440x900 (2.2s)
  ok 28 [chromium] › tests\e2e\responsive.spec.ts:25:13 › Responsive Layout Verification › Route: / › should not overflow or clip on 375x667 (1.3s)
  ok 29 [chromium] › tests\e2e\responsive.spec.ts:25:13 › Responsive Layout Verification › Route: / › should not overflow or clip on 360x800 (1.3s)
  ok 30 [chromium] › tests\e2e\responsive.spec.ts:25:13 › Responsive Layout Verification › Route: / › should not overflow or clip on 320x568 (1.2s)
  ok  9 [chromium] › tests\e2e\accessibility.spec.ts:15:9 › Accessibility (WCAG AA) › should not have any automatically detectable accessibility issues on /topic/economy (4.5s)
  ok 24 [chromium] › tests\e2e\responsive.spec.ts:25:13 › Responsive Layout Verification › Route: / › should not overflow or clip on 1024x1366 (3.0s)
  ok 31 [chromium] › tests\e2e\responsive.spec.ts:25:13 › Responsive Layout Verification › Route: /story/mgnrega-reform › should not overflow or clip on 1920x1080 (1.6s)
  ok 32 [chromium] › tests\e2e\responsive.spec.ts:25:13 › Responsive Layout Verification › Route: /story/mgnrega-reform › should not overflow or clip on 1440x900 (1.5s)
  ok 10 [chromium] › tests\e2e\accessibility.spec.ts:15:9 › Accessibility (WCAG AA) › should not have any automatically detectable accessibility issues on /story/mgnrega-reform (5.2s)
  ok 33 [chromium] › tests\e2e\responsive.spec.ts:25:13 › Responsive Layout Verification › Route: /story/mgnrega-reform › should not overflow or clip on 1280x800 (1.5s)
  ok 34 [chromium] › tests\e2e\responsive.spec.ts:25:13 › Responsive Layout Verification › Route: /story/mgnrega-reform › should not overflow or clip on 1024x1366 (1.6s)
  ok 35 [chromium] › tests\e2e\responsive.spec.ts:25:13 › Responsive Layout Verification › Route: /story/mgnrega-reform › should not overflow or clip on 768x1024 (1.6s)
  ok 36 [chromium] › tests\e2e\responsive.spec.ts:25:13 › Responsive Layout Verification › Route: /story/mgnrega-reform › should not overflow or clip on 430x932 (1.5s)
  ok 41 [chromium] › tests\e2e\search.spec.ts:8:7 › Search Critical Journey › should load the search page (590ms)
  ok 37 [chromium] › tests\e2e\responsive.spec.ts:25:13 › Responsive Layout Verification › Route: /story/mgnrega-reform › should not overflow or clip on 390x844 (1.3s)
  ok 38 [chromium] › tests\e2e\responsive.spec.ts:25:13 › Responsive Layout Verification › Route: /story/mgnrega-reform › should not overflow or clip on 375x667 (1.5s)
  ok 40 [chromium] › tests\e2e\responsive.spec.ts:25:13 › Responsive Layout Verification › Route: /story/mgnrega-reform › should not overflow or clip on 320x568 (1.3s)
  ok 43 [chromium] › tests\e2e\search.spec.ts:20:7 › Search Critical Journey › should display results for valid queries (850ms)
  ok 39 [chromium] › tests\e2e\responsive.spec.ts:25:13 › Responsive Layout Verification › Route: /story/mgnrega-reform › should not overflow or clip on 360x800 (1.5s)
  ok 42 [chromium] › tests\e2e\search.spec.ts:12:7 › Search Critical Journey › should display empty state initially or on no match (950ms)
  ok 44 [chromium] › tests\e2e\story.spec.ts:12:7 › Story Critical Journey › should render the story content (1.1s)
  ok 45 [chromium] › tests\e2e\story.spec.ts:17:7 › Story Critical Journey › should render images (1.1s)
  ok 47 [chromium] › tests\e2e\story.spec.ts:40:7 › Story Critical Journey › should display related stories (1.2s)
  ok 48 [chromium] › tests\e2e\topic.spec.ts:10:7 › Topic Critical Journey › should load topic content (1.4s)
  ok 49 [chromium] › tests\e2e\topic.spec.ts:15:7 › Topic Critical Journey › should render associated charts (1.7s)
  ok 50 [chromium] › tests\e2e\topic.spec.ts:24:7 › Topic Critical Journey › should render maps if applicable (1.6s)
  ok 51 [chromium] › tests\e2e\topic.spec.ts:32:7 › Topic Critical Journey › should render knowledge graph (1.7s)
  ok 46 [chromium] › tests\e2e\story.spec.ts:25:7 › Story Critical Journey › should lazy-load charts (2.6s)
  ok 52 [chromium] › tests\e2e\visual.spec.ts:10:7 › Visual Regression Baseline › Homepage visual baseline (2.0s)
  ok 55 [chromium] › tests\e2e\visual.spec.ts:25:7 › Visual Regression Baseline › Entity visual baseline (1.7s)
  ok 56 [chromium] › tests\e2e\visual.spec.ts:30:7 › Visual Regression Baseline › Search visual baseline (1.6s)
  ok 54 [chromium] › tests\e2e\visual.spec.ts:20:7 › Visual Regression Baseline › Topic visual baseline (2.3s)
  ok 53 [chromium] › tests\e2e\visual.spec.ts:15:7 › Visual Regression Baseline › Story visual baseline (2.8s)

  7 skipped
  49 passed (10.0s)